
> typecheck
> tsc -p tsconfig.json --noEmit

src/lib/api.ts(119,40): error TS2379: Argument of type '{ source: string; destination: string; amount: string; memo: string | undefined; }' is not assignable to parameter of type '{ source: string; destination: string; amount: string; memo?: string; }' with 'exactOptionalPropertyTypes: true'. Consider adding 'undefined' to the types of the target's properties.
  Types of property 'memo' are incompatible.
    Type 'string | undefined' is not assignable to type 'string'.
      Type 'undefined' is not assignable to type 'string'.
src/lib/stellar.ts(74,34): error TS2551: Property 'errorResultXdr' does not exist on type 'SendTransactionResponse'. Did you mean 'errorResult'?
src/lib/stellar.ts(85,5): error TS2322: Type 'GetTransactionStatus' is not assignable to type '"PENDING" | "DUPLICATE" | "TRY_AGAIN_LATER"'.
  Type 'GetTransactionStatus.SUCCESS' is not assignable to type '"PENDING" | "DUPLICATE" | "TRY_AGAIN_LATER"'.
src/lib/stellar.ts(90,70): error TS2339: Property 'errorResultXdr' does not exist on type 'GetFailedTransactionResponse'.
src/lib/stellar.ts(96,13): error TS2367: This comparison appears to be unintentional because the types '"PENDING" | "DUPLICATE" | "TRY_AGAIN_LATER"' and '"SUCCESS"' have no overlap.
src/lib/stellar.ts(122,20): error TS2339: Property 'results' does not exist on type 'SimulateTransactionResponse'.
  Property 'results' does not exist on type 'SimulateTransactionSuccessResponse'.
src/lib/stellar.ts(122,42): error TS2339: Property 'results' does not exist on type 'SimulateTransactionResponse'.
  Property 'results' does not exist on type 'SimulateTransactionSuccessResponse'.
src/lib/stellar.ts(122,67): error TS2339: Property 'results' does not exist on type 'SimulateTransactionResponse'.
  Property 'results' does not exist on type 'SimulateTransactionSuccessResponse'.
src/lib/stellar.ts(123,65): error TS2339: Property 'results' does not exist on type 'SimulateTransactionResponse'.
  Property 'results' does not exist on type 'SimulateTransactionSuccessResponse'.
src/lib/store.ts(286,13): error TS2345: Argument of type '(state: DappStore) => { proofs?: never; challenges?: never; activities?: never; rewardPool?: never; leaderboard?: never; } | { proofs: (ProofSummary | { status: "pending"; ... 9 more ...; createdAt?: string; })[]; challenges: { ...; }[]; activities: ActivitySummary[]; rewardPool: { ...; }; leaderboard: LeaderboardRo...' is not assignable to parameter of type 'DappStore | Partial<DappStore> | ((state: DappStore) => DappStore | Partial<DappStore>)'.
  Type '(state: DappStore) => { proofs?: never; challenges?: never; activities?: never; rewardPool?: never; leaderboard?: never; } | { proofs: (ProofSummary | { status: "pending"; ... 9 more ...; createdAt?: string; })[]; challenges: { ...; }[]; activities: ActivitySummary[]; rewardPool: { ...; }; leaderboard: LeaderboardRo...' is not assignable to type '(state: DappStore) => DappStore | Partial<DappStore>'.
    Type '{ proofs?: never; challenges?: never; activities?: never; rewardPool?: never; leaderboard?: never; } | { proofs: (ProofSummary | { status: "pending"; _id?: string; challengeId?: string; ... 7 more ...; createdAt?: string; })[]; challenges: { ...; }[]; activities: ActivitySummary[]; rewardPool: { ...; }; leaderboard:...' is not assignable to type 'DappStore | Partial<DappStore>' with 'exactOptionalPropertyTypes: true'. Consider adding 'undefined' to the types of the target's properties.
      Type '{ proofs: (ProofSummary | { status: "pending"; _id?: string; challengeId?: string; submitterAddress?: string; title?: string; description?: string; githubLink?: string; externalUrl?: string; textEvidence?: string; voteCount?: number; createdAt?: string; })[]; challenges: { ...; }[]; activities: ActivitySummary[]; re...' is not assignable to type 'DappStore | Partial<DappStore>'.
        Type '{ proofs: (ProofSummary | { status: "pending"; _id?: string; challengeId?: string; submitterAddress?: string; title?: string; description?: string; githubLink?: string; externalUrl?: string; textEvidence?: string; voteCount?: number; createdAt?: string; })[]; challenges: { ...; }[]; activities: ActivitySummary[]; re...' is not assignable to type 'Partial<DappStore>'.
          Types of property 'challenges' are incompatible.
            Type '{ approvedVotes: number | undefined; rejectedVotes: number | undefined; status: "failed" | "active" | "proof_submitted" | "completed" | undefined; _id: string; creatorAddress: string; ... 7 more ...; createdAt: string; }[]' is not assignable to type 'ChallengeSummary[]'.
              Type '{ approvedVotes: number | undefined; rejectedVotes: number | undefined; status: "failed" | "active" | "proof_submitted" | "completed" | undefined; _id: string; creatorAddress: string; ... 7 more ...; createdAt: string; }' is not assignable to type 'ChallengeSummary'.
                Types of property 'status' are incompatible.
                  Type '"failed" | "active" | "proof_submitted" | "completed" | undefined' is not assignable to type '"failed" | "active" | "proof_submitted" | "completed"'.
                    Type 'undefined' is not assignable to type '"failed" | "active" | "proof_submitted" | "completed"'.
src/lib/store.ts(299,11): error TS18048: 'proof.voteCount' is possibly 'undefined'.
src/lib/store.ts(305,13): error TS18048: 'approvedVotes' is possibly 'undefined'.
src/lib/store.ts(307,13): error TS18048: 'rejectedVotes' is possibly 'undefined'.
src/lib/store.ts(315,15): error TS18048: 'approvedVotes' is possibly 'undefined'.
src/lib/store.ts(315,32): error TS18048: 'challenge.verificationThreshold' is possibly 'undefined'.
src/lib/store.ts(316,13): error TS2322: Type '"approved"' is not assignable to type '"pending"'.
src/lib/store.ts(318,22): error TS18048: 'rejectedVotes' is possibly 'undefined'.
src/lib/store.ts(318,39): error TS18048: 'challenge.verificationThreshold' is possibly 'undefined'.
src/lib/store.ts(319,13): error TS2322: Type '"rejected"' is not assignable to type '"pending"'.
src/lib/store.ts(321,13): error TS2322: Type 'number | undefined' is not assignable to type 'number'.
  Type 'undefined' is not assignable to type 'number'.
src/pages.tsx(517,67): error TS2353: Object literal may only specify known properties, and 'txHash' does not exist in type '{ submitterAddress: string; title: string; description: string; githubLink: string; externalUrl: string; textEvidence: string; }'.
node.exe : npm error Lifecycle script `typecheck` failed with error:
At line:1 char:1
+ & "C:\nodejs/node.exe" "C:\nodejs/node_modules/npm/bin/npm-cli.js" ru ...
+ ~~~~~~~~~~~~~~~~~~~~~~~~~~~~~~~~~~~~~~~~~~~~~~~~~~~~~~~~~~~~~~~~~~~~~
    + CategoryInfo          : NotSpecified: (npm error Lifec...led with error::String) [], RemoteException
    + FullyQualifiedErrorId : NativeCommandError
 
npm error code 2
npm error path C:\Users\Arya Bhagat\Desktop\SkillStake\apps\web
npm error workspace @skillstake/web
npm error location C:\Users\Arya Bhagat\Desktop\SkillStake\apps\web
npm error command failed
npm error command C:\WINDOWS\system32\cmd.exe /d /s /c tsc -p tsconfig.json --noEmit
